Advanced encoding [] not implemented yet
Advanced encoding [] not implemented yet
Advanced encoding [] not implemented yet
Advanced encoding [] not implemented yet
Advanced encoding [] not implemented yet
Advanced encoding [] not implemented yet
Advanced encoding [] not implemented yet
Advanced encoding [] not implemented yet
Advanced encoding [] not implemented yet
Advanced encoding [] not implemented yet
Advanced encoding [] not implemented yet
Advanced encoding [] not implemented yet
Advanced encoding [] not implemented yet
Advanced encoding [] not implemented yet
Advanced encoding [] not implemented yet
Advanced encoding [] not implemented yet
Advanced encoding [] not implemented yet
Advanced encoding [] not implemented yet
Advanced encoding [] not implemented yet
Advanced encoding [] not implemented yet
Advanced encoding [] not implemented yet
Advanced encoding [] not implemented yet
Advanced encoding [] not implemented yet
Advanced encoding [] not implemented yet
Advanced encoding [] not implemented yet
Advanced encoding [] not implemented yet
Advanced encoding [] not implemented yet
Advanced encoding [] not implemented yet
Advanced encoding [] not implemented yet
Advanced encoding [] not implemented yet
Advanced encoding [] not implemented yet
Advanced encoding [] not implemented yet
Advanced encoding [] not implemented yet
Advanced encoding [] not implemented yet
Advanced encoding [] not implemented yet
Advanced encoding [] not implemented yet
Advanced encoding [] not implemented yet
Advanced encoding [] not implemented yet
Advanced encoding [] not implemented yet
Advanced encoding [] not implemented yet
Advanced encoding [] not implemented yet
Advanced encoding [] not implemented yet
Advanced encoding [] not implemented yet
Advanced encoding [] not implemented yet
Advanced encoding [] not implemented yet
Advanced encoding [] not implemented yet
Advanced encoding [] not implemented yet
Advanced encoding [] not implemented yet
Advanced encoding [] not implemented yet
Advanced encoding [] not implemented yet
Advanced encoding [] not implemented yet
Advanced encoding [] not implemented yet
Advanced encoding [] not implemented yet
Advanced encoding [] not implemented yet
Advanced encoding [] not implemented yet
Advanced encoding [] not implemented yet
Advanced encoding [] not implemented yet
Advanced encoding [] not implemented yet
Advanced encoding [] not implemented yet
Advanced encoding [] not implemented yet
Advanced encoding [] not implemented yet
Advanced encoding [] not implemented yet
Advanced encoding [] not implemented yet
Advanced encoding [] not implemented yet
Advanced encoding [] not implemented yet
Advanced encoding [] not implemented yet
Advanced encoding [] not implemented yet
Advanced encoding [] not implemented yet
Advanced encoding [] not implemented yet
Advanced encoding [] not implemented yet
Advanced encoding [] not implemented yet
Advanced encoding [] not implemented yet
Advanced encoding [] not implemented yet
Advanced encoding [] not implemented yet
Advanced encoding [] not implemented yet
Advanced encoding [] not implemented yet
Advanced encoding [] not implemented yet
Advanced encoding [] not implemented yet
Advanced encoding [] not implemented yet
Advanced encoding [] not implemented yet
Advanced encoding [] not implemented yet
Advanced encoding [] not implemented yet
Advanced encoding [] not implemented yet
Advanced encoding [] not implemented yet
Advanced encoding [] not implemented yet
Advanced encoding [] not implemented yet
Advanced encoding [] not implemented yet
Advanced encoding [] not implemented yet
Advanced encoding [] not implemented yet
Advanced encoding [] not implemented yet
Advanced encoding [] not implemented yet
Advanced encoding [] not implemented yet
Advanced encoding [] not implemented yet
Advanced encoding [] not implemented yet
Advanced encoding [] not implemented yet
Advanced encoding [] not implemented yet
Advanced encoding [] not implemented yet
Advanced encoding [] not implemented yet
Advanced encoding [] not implemented yet
Advanced encoding [] not implemented yet
Advanced encoding [] not implemented yet
Advanced encoding [] not implemented yet
Advanced encoding [] not implemented yet
Advanced encoding [] not implemented yet
Advanced encoding [] not implemented yet
Advanced encoding [] not implemented yet
Advanced encoding [] not implemented yet
Advanced encoding [] not implemented yet
Advanced encoding [] not implemented yet
Advanced encoding [] not implemented yet
Advanced encoding [] not implemented yet
Advanced encoding [] not implemented yet
Advanced encoding [] not implemented yet
Advanced encoding [] not implemented yet
Advanced encoding [] not implemented yet
Advanced encoding [] not implemented yet
Advanced encoding [] not implemented yet
Advanced encoding [] not implemented yet
Advanced encoding [] not implemented yet
Advanced encoding [] not implemented yet
Advanced encoding [] not implemented yet
Advanced encoding [] not implemented yet
Advanced encoding [] not implemented yet
Advanced encoding [] not implemented yet
Advanced encoding [] not implemented yet
Advanced encoding [] not implemented yet
Advanced encoding [] not implemented yet
Advanced encoding [] not implemented yet
Advanced encoding [] not implemented yet
Advanced encoding [] not implemented yet
Advanced encoding [] not implemented yet
Advanced encoding [] not implemented yet
Advanced encoding [] not implemented yet
Advanced encoding [] not implemented yet
Advanced encoding [] not implemented yet
Advanced encoding [] not implemented yet
Advanced encoding [] not implemented yet
Advanced encoding [] not implemented yet
Advanced encoding [] not implemented yet
Advanced encoding [] not implemented yet
Advanced encoding [] not implemented yet
Advanced encoding [] not implemented yet
Advanced encoding [] not implemented yet
Advanced encoding [] not implemented yet
Advanced encoding [] not implemented yet
Advanced encoding [] not implemented yet
Advanced encoding [] not implemented yet
Advanced encoding [] not implemented yet
Advanced encoding [] not implemented yet
Advanced encoding [] not implemented yet
Advanced encoding [] not implemented yet
Advanced encoding [] not implemented yet
Advanced encoding [] not implemented yet
Advanced encoding [] not implemented yet
Advanced encoding [] not implemented yet
Advanced encoding [] not implemented yet
Advanced encoding [] not implemented yet
Advanced encoding [] not implemented yet
Advanced encoding [] not implemented yet
Advanced encoding [] not implemented yet
Advanced encoding [] not implemented yet
Advanced encoding [] not implemented yet
Advanced encoding [] not implemented yet
Advanced encoding [] not implemented yet
Advanced encoding [] not implemented yet
Advanced encoding [] not implemented yet
Advanced encoding [] not implemented yet
Advanced encoding [] not implemented yet
Advanced encoding [] not implemented yet
Advanced encoding [] not implemented yet
Advanced encoding [] not implemented yet
Advanced encoding [] not implemented yet
Advanced encoding [] not implemented yet
Advanced encoding [] not implemented yet
Advanced encoding [] not implemented yet
Advanced encoding [] not implemented yet
Advanced encoding [] not implemented yet
Advanced encoding [] not implemented yet
Advanced encoding [] not implemented yet
Advanced encoding [] not implemented yet
Advanced encoding [] not implemented yet
Advanced encoding [] not implemented yet
Advanced encoding [] not implemented yet
Advanced encoding [] not implemented yet
Advanced encoding [] not implemented yet
Advanced encoding [] not implemented yet
Advanced encoding [] not implemented yet
Advanced encoding [] not implemented yet
Advanced encoding [] not implemented yet
Advanced encoding [] not implemented yet
Advanced encoding [] not implemented yet
Advanced encoding [] not implemented yet
Advanced encoding [] not implemented yet
Advanced encoding [] not implemented yet
Advanced encoding [] not implemented yet
Advanced encoding [] not implemented yet
Advanced encoding [] not implemented yet
Advanced encoding [] not implemented yet
Advanced encoding [] not implemented yet
Advanced encoding [] not implemented yet
Advanced encoding [] not implemented yet
Advanced encoding [] not implemented yet
Advanced encoding [] not implemented yet
Advanced encoding [] not implemented yet
Advanced encoding [] not implemented yet
Advanced encoding [] not implemented yet
Advanced encoding [] not implemented yet
Advanced encoding [] not implemented yet
Advanced encoding [] not implemented yet
Advanced encoding [] not implemented yet
Advanced encoding [] not implemented yet
Advanced encoding [] not implemented yet
Advanced encoding [] not implemented yet
Advanced encoding [] not implemented yet
Advanced encoding [] not implemented yet
Advanced encoding [] not implemented yet
Advanced encoding [] not implemented yet
Advanced encoding [] not implemented yet
Advanced encoding [] not implemented yet
Advanced encoding [] not implemented yet
Advanced encoding [] not implemented yet
Advanced encoding [] not implemented yet
Advanced encoding [] not implemented yet
Advanced encoding [] not implemented yet
Advanced encoding [] not implemented yet
Advanced encoding [] not implemented yet
Advanced encoding [] not implemented yet
Advanced encoding [] not implemented yet
Advanced encoding [] not implemented yet
Advanced encoding [] not implemented yet
Advanced encoding [] not implemented yet
Advanced encoding [] not implemented yet
Advanced encoding [] not implemented yet
Advanced encoding [] not implemented yet
Advanced encoding [] not implemented yet
Advanced encoding [] not implemented yet
Advanced encoding [] not implemented yet
Advanced encoding [] not implemented yet
Advanced encoding [] not implemented yet
Advanced encoding [] not implemented yet
Advanced encoding [] not implemented yet
Advanced encoding [] not implemented yet
Advanced encoding [] not implemented yet
Advanced encoding [] not implemented yet
Advanced encoding [] not implemented yet
Advanced encoding [] not implemented yet
Advanced encoding [] not implemented yet
Advanced encoding [] not implemented yet
Advanced encoding [] not implemented yet
Advanced encoding [] not implemented yet
Advanced encoding [] not implemented yet
Advanced encoding [] not implemented yet
Advanced encoding [] not implemented yet
Advanced encoding [] not implemented yet
Advanced encoding [] not implemented yet
Advanced encoding [] not implemented yet
Advanced encoding [] not implemented yet
Advanced encoding [] not implemented yet
Advanced encoding [] not implemented yet
Advanced encoding [] not implemented yet
Advanced encoding [] not implemented yet
Advanced encoding [] not implemented yet
Advanced encoding [] not implemented yet
Advanced encoding [] not implemented yet
Advanced encoding [] not implemented yet
Advanced encoding [] not implemented yet
Advanced encoding [] not implemented yet
Advanced encoding [] not implemented yet
Advanced encoding [] not implemented yet
Advanced encoding [] not implemented yet
Advanced encoding [] not implemented yet
Advanced encoding [] not implemented yet
Advanced encoding [] not implemented yet
Advanced encoding [] not implemented yet
Advanced encoding [] not implemented yet
Advanced encoding [] not implemented yet
Advanced encoding [] not implemented yet
Advanced encoding [] not implemented yet
Advanced encoding [] not implemented yet
Advanced encoding [] not implemented yet
Advanced encoding [] not implemented yet
Advanced encoding [] not implemented yet
Advanced encoding [] not implemented yet
Advanced encoding [] not implemented yet
Advanced encoding [] not implemented yet
Advanced encoding [] not implemented yet
Advanced encoding [] not implemented yet
Advanced encoding [] not implemented yet
Advanced encoding [] not implemented yet
Advanced encoding [] not implemented yet
Advanced encoding [] not implemented yet
Advanced encoding [] not implemented yet
Advanced encoding [] not implemented yet
Advanced encoding [] not implemented yet
Advanced encoding [] not implemented yet
Advanced encoding [] not implemented yet
Advanced encoding [] not implemented yet
Advanced encoding [] not implemented yet
Advanced encoding [] not implemented yet
Advanced encoding [] not implemented yet
Advanced encoding [] not implemented yet
Advanced encoding [] not implemented yet
Advanced encoding [] not implemented yet
Advanced encoding [] not implemented yet
Advanced encoding [] not implemented yet
Advanced encoding [] not implemented yet
Advanced encoding [] not implemented yet
Advanced encoding [] not implemented yet
Advanced encoding [] not implemented yet
Advanced encoding [] not implemented yet
Advanced encoding [] not implemented yet
Advanced encoding [] not implemented yet
Advanced encoding [] not implemented yet
Advanced encoding [] not implemented yet
Advanced encoding [] not implemented yet
Advanced encoding [] not implemented yet
Advanced encoding [] not implemented yet
Advanced encoding [] not implemented yet
Advanced encoding [] not implemented yet
Advanced encoding [] not implemented yet
Advanced encoding [] not implemented yet
Advanced encoding [] not implemented yet
Advanced encoding [] not implemented yet
Advanced encoding [] not implemented yet
Advanced encoding [] not implemented yet
Advanced encoding [] not implemented yet
Advanced encoding [] not implemented yet
Advanced encoding [] not implemented yet
Advanced encoding [] not implemented yet
Advanced encoding [] not implemented yet
Advanced encoding [] not implemented yet
Advanced encoding [] not implemented yet
Advanced encoding [] not implemented yet
Advanced encoding [] not implemented yet
Advanced encoding [] not implemented yet
Advanced encoding [] not implemented yet
Advanced encoding [] not implemented yet
Advanced encoding [] not implemented yet
Advanced encoding [] not implemented yet
Advanced encoding [] not implemented yet
Advanced encoding [] not implemented yet
Advanced encoding [] not implemented yet
Advanced encoding [] not implemented yet
Advanced encoding [] not implemented yet
Advanced encoding [] not implemented yet
Advanced encoding [] not implemented yet
Advanced encoding [] not implemented yet
Advanced encoding [] not implemented yet
Advanced encoding [] not implemented yet
Advanced encoding [] not implemented yet
Advanced encoding [] not implemented yet
Advanced encoding [] not implemented yet
Advanced encoding [] not implemented yet
Advanced encoding [] not implemented yet
Advanced encoding [] not implemented yet
Advanced encoding [] not implemented yet
Advanced encoding [] not implemented yet
Advanced encoding [] not implemented yet
Advanced encoding [] not implemented yet
Advanced encoding [] not implemented yet
Advanced encoding [] not implemented yet
Advanced encoding [] not implemented yet
Advanced encoding [] not implemented yet
Advanced encoding [] not implemented yet
Advanced encoding [] not implemented yet
Advanced encoding [] not implemented yet
Advanced encoding [] not implemented yet
Advanced encoding [] not implemented yet
Advanced encoding [] not implemented yet
Advanced encoding [] not implemented yet
Advanced encoding [] not implemented yet
Advanced encoding [] not implemented yet
Advanced encoding [] not implemented yet
Advanced encoding [] not implemented yet
Advanced encoding [] not implemented yet
Advanced encoding [] not implemented yet
Advanced encoding [] not implemented yet
Advanced encoding [] not implemented yet
Advanced encoding [] not implemented yet
Advanced encoding [] not implemented yet
Advanced encoding [] not implemented yet
Advanced encoding [] not implemented yet
Advanced encoding [] not implemented yet
Advanced encoding [] not implemented yet
Advanced encoding [] not implemented yet
Advanced encoding [] not implemented yet
Advanced encoding [] not implemented yet
Advanced encoding [] not implemented yet
Advanced encoding [] not implemented yet
Advanced encoding [] not implemented yet
Advanced encoding [] not implemented yet
Advanced encoding [] not implemented yet
Advanced encoding [] not implemented yet
Advanced encoding [] not implemented yet
Advanced encoding [] not implemented yet
Advanced encoding [] not implemented yet
Advanced encoding [] not implemented yet
Advanced encoding [] not implemented yet
Advanced encoding [] not implemented yet
Advanced encoding [] not implemented yet
Advanced encoding [] not implemented yet
Advanced encoding [] not implemented yet
Advanced encoding [] not implemented yet
Advanced encoding [] not implemented yet
Advanced encoding [] not implemented yet
Advanced encoding [] not implemented yet
Advanced encoding [] not implemented yet
Advanced encoding [] not implemented yet
Advanced encoding [] not implemented yet
Advanced encoding [] not implemented yet
Advanced encoding [] not implemented yet
Advanced encoding [] not implemented yet
Advanced encoding [] not implemented yet
Advanced encoding [] not implemented yet
Advanced encoding [] not implemented yet
Advanced encoding [] not implemented yet
Advanced encoding [] not implemented yet
Advanced encoding [] not implemented yet
Advanced encoding [] not implemented yet
Advanced encoding [] not implemented yet
Advanced encoding [] not implemented yet
Advanced encoding [] not implemented yet
Advanced encoding [] not implemented yet
Advanced encoding [] not implemented yet
Advanced encoding [] not implemented yet
Advanced encoding [] not implemented yet
Advanced encoding [] not implemented yet
Advanced encoding [] not implemented yet
Advanced encoding [] not implemented yet
Advanced encoding [] not implemented yet
Advanced encoding [] not implemented yet
Advanced encoding [] not implemented yet
Advanced encoding [] not implemented yet
Advanced encoding [] not implemented yet
Advanced encoding [] not implemented yet
Advanced encoding [] not implemented yet
Advanced encoding [] not implemented yet
Advanced encoding [] not implemented yet
Advanced encoding [] not implemented yet
Advanced encoding [] not implemented yet
Advanced encoding [] not implemented yet
Advanced encoding [] not implemented yet
Advanced encoding [] not implemented yet
Advanced encoding [] not implemented yet
Advanced encoding [] not implemented yet
Advanced encoding [] not implemented yet
Advanced encoding [] not implemented yet
Advanced encoding [] not implemented yet
Advanced encoding [] not implemented yet
Advanced encoding [] not implemented yet
Advanced encoding [] not implemented yet
Advanced encoding [] not implemented yet
Advanced encoding [] not implemented yet
Advanced encoding [] not implemented yet
Advanced encoding [] not implemented yet
Advanced encoding [] not implemented yet
Advanced encoding [] not implemented yet
Advanced encoding [] not implemented yet
Advanced encoding [] not implemented yet
Advanced encoding [] not implemented yet
Advanced encoding [] not implemented yet
Advanced encoding [] not implemented yet
Advanced encoding [] not implemented yet
Advanced encoding [] not implemented yet
Advanced encoding [] not implemented yet
Advanced encoding [] not implemented yet
Advanced encoding [] not implemented yet
Advanced encoding [] not implemented yet
Advanced encoding [] not implemented yet
Advanced encoding [] not implemented yet
Advanced encoding [] not implemented yet
Advanced encoding [] not implemented yet
Advanced encoding [] not implemented yet
Advanced encoding [] not implemented yet
Advanced encoding [] not implemented yet
Advanced encoding [] not implemented yet
Advanced encoding [] not implemented yet
Advanced encoding [] not implemented yet
Advanced encoding [] not implemented yet
Advanced encoding [] not implemented yet
Advanced encoding [] not implemented yet
Advanced encoding [] not implemented yet
Advanced encoding [] not implemented yet
Advanced encoding [] not implemented yet
Advanced encoding [] not implemented yet
Advanced encoding [] not implemented yet
Advanced encoding [] not implemented yet
Advanced encoding [] not implemented yet
Advanced encoding [] not implemented yet
Advanced encoding [] not implemented yet
Advanced encoding [] not implemented yet
Advanced encoding [] not implemented yet
Advanced encoding [] not implemented yet
Advanced encoding [] not implemented yet
Advanced encoding [] not implemented yet
Advanced encoding [] not implemented yet
Advanced encoding [] not implemented yet
Advanced encoding [] not implemented yet
Advanced encoding [] not implemented yet
Advanced encoding [] not implemented yet
Advanced encoding [] not implemented yet
Advanced encoding [] not implemented yet
Advanced encoding [] not implemented yet
Advanced encoding [] not implemented yet
Advanced encoding [] not implemented yet
Advanced encoding [] not implemented yet
Advanced encoding [] not implemented yet
Advanced encoding [] not implemented yet
Advanced encoding [] not implemented yet
Advanced encoding [] not implemented yet
Advanced encoding [] not implemented yet
Advanced encoding [] not implemented yet
Advanced encoding [] not implemented yet
Advanced encoding [] not implemented yet
Advanced encoding [] not implemented yet
Advanced encoding [] not implemented yet
Advanced encoding [] not implemented yet
Advanced encoding [] not implemented yet
Advanced encoding [] not implemented yet
Advanced encoding [] not implemented yet
Advanced encoding [] not implemented yet
Advanced encoding [] not implemented yet
Advanced encoding [] not implemented yet
Advanced encoding [] not implemented yet
Advanced encoding [] not implemented yet
Advanced encoding [] not implemented yet
Advanced encoding [] not implemented yet
Advanced encoding [] not implemented yet
Advanced encoding [] not implemented yet
Advanced encoding [] not implemented yet
Advanced encoding [] not implemented yet
Advanced encoding [] not implemented yet
Advanced encoding [] not implemented yet
Advanced encoding [] not implemented yet
Advanced encoding [] not implemented yet
Advanced encoding [] not implemented yet
Advanced encoding [] not implemented yet
Advanced encoding [] not implemented yet
Advanced encoding [] not implemented yet
Advanced encoding [] not implemented yet
Advanced encoding [] not implemented yet
Advanced encoding [] not implemented yet
Advanced encoding [] not implemented yet
Advanced encoding [] not implemented yet
Advanced encoding [] not implemented yet
Advanced encoding [] not implemented yet
Advanced encoding [] not implemented yet
Advanced encoding [] not implemented yet
Advanced encoding [] not implemented yet
Advanced encoding [] not implemented yet
Advanced encoding [] not implemented yet
Advanced encoding [] not implemented yet
Advanced encoding [] not implemented yet
Advanced encoding [] not implemented yet
Advanced encoding [] not implemented yet
Advanced encoding [] not implemented yet
Advanced encoding [] not implemented yet
Advanced encoding [] not implemented yet
Advanced encoding [] not implemented yet
Advanced encoding [] not implemented yet
Advanced encoding [] not implemented yet
Advanced encoding [] not implemented yet
Advanced encoding [] not implemented yet
Advanced encoding [] not implemented yet
Advanced encoding [] not implemented yet
Advanced encoding [] not implemented yet
Advanced encoding [] not implemented yet
Advanced encoding [] not implemented yet
Advanced encoding [] not implemented yet
Advanced encoding [] not implemented yet
Advanced encoding [] not implemented yet
Advanced encoding [] not implemented yet
Advanced encoding [] not implemented yet
Advanced encoding [] not implemented yet
Advanced encoding [] not implemented yet
Advanced encoding [] not implemented yet
Advanced encoding [] not implemented yet
Advanced encoding [] not implemented yet
Advanced encoding [] not implemented yet
Advanced encoding [] not implemented yet
Advanced encoding [] not implemented yet
Advanced encoding [] not implemented yet
Advanced encoding [] not implemented yet
Advanced encoding [] not implemented yet
Advanced encoding [] not implemented yet
Advanced encoding [] not implemented yet
Advanced encoding [] not implemented yet
Advanced encoding [] not implemented yet
Advanced encoding [] not implemented yet
Advanced encoding [] not implemented yet
Advanced encoding [] not implemented yet
Advanced encoding [] not implemented yet
Advanced encoding [] not implemented yet
Advanced encoding [] not implemented yet
Advanced encoding [] not implemented yet
Advanced encoding [] not implemented yet
Advanced encoding [] not implemented yet
Advanced encoding [] not implemented yet
Advanced encoding [] not implemented yet
Advanced encoding [] not implemented yet
Advanced encoding [] not implemented yet
Advanced encoding [] not implemented yet
Advanced encoding [] not implemented yet
Advanced encoding [] not implemented yet
Advanced encoding [] not implemented yet
Advanced encoding [] not implemented yet
Advanced encoding [] not implemented yet
Advanced encoding [] not implemented yet
Advanced encoding [] not implemented yet
Advanced encoding [] not implemented yet
Advanced encoding [] not implemented yet
Advanced encoding [] not implemented yet
Advanced encoding [] not implemented yet
Advanced encoding [] not implemented yet
Advanced encoding [] not implemented yet
Advanced encoding [] not implemented yet
Advanced encoding [] not implemented yet
Advanced encoding [] not implemented yet
Advanced encoding [] not implemented yet
Advanced encoding [] not implemented yet
Advanced encoding [] not implemented yet
Advanced encoding [] not implemented yet
Advanced encoding [] not implemented yet
Advanced encoding [] not implemented yet
Advanced encoding [] not implemented yet
Advanced encoding [] not implemented yet
Advanced encoding [] not implemented yet
Advanced encoding [] not implemented yet
Advanced encoding [] not implemented yet
Advanced encoding [] not implemented yet
Advanced encoding [] not implemented yet
Advanced encoding [] not implemented yet
Advanced encoding [] not implemented yet
Advanced encoding [] not implemented yet
Advanced encoding [] not implemented yet
Advanced encoding [] not implemented yet
Advanced encoding [] not implemented yet
Advanced encoding [] not implemented yet
Advanced encoding [] not implemented yet
Advanced encoding [] not implemented yet
Advanced encoding [] not implemented yet
Advanced encoding [] not implemented yet
Advanced encoding [] not implemented yet
Advanced encoding [] not implemented yet
Advanced encoding [] not implemented yet
Advanced encoding [] not implemented yet
Advanced encoding [] not implemented yet
Advanced encoding [] not implemented yet
Advanced encoding [] not implemented yet
Advanced encoding [] not implemented yet
Advanced encoding [] not implemented yet
Advanced encoding [] not implemented yet
Advanced encoding [] not implemented yet
Advanced encoding [] not implemented yet
Advanced encoding [] not implemented yet
Advanced encoding [] not implemented yet
Advanced encoding [] not implemented yet
Advanced encoding [] not implemented yet
Advanced encoding [] not implemented yet
Advanced encoding [] not implemented yet
Advanced encoding [] not implemented yet
Advanced encoding [] not implemented yet
Advanced encoding [] not implemented yet
Advanced encoding [] not implemented yet
Advanced encoding [] not implemented yet
Advanced encoding [] not implemented yet
Advanced encoding [] not implemented yet
Advanced encoding [] not implemented yet
Advanced encoding [] not implemented yet
Advanced encoding [] not implemented yet
Advanced encoding [] not implemented yet
Advanced encoding [] not implemented yet
Advanced encoding [] not implemented yet
Advanced encoding [] not implemented yet
Advanced encoding [] not implemented yet
Advanced encoding [] not implemented yet
Advanced encoding [] not implemented yet
Advanced encoding [] not implemented yet
Advanced encoding [] not implemented yet
Advanced encoding [] not implemented yet
Advanced encoding [] not implemented yet
Advanced encoding [] not implemented yet
Advanced encoding [] not implemented yet
Advanced encoding [] not implemented yet
Advanced encoding [] not implemented yet
Advanced encoding [] not implemented yet
Advanced encoding [] not implemented yet
Advanced encoding [] not implemented yet
Advanced encoding [] not implemented yet
Advanced encoding [] not implemented yet
Advanced encoding [] not implemented yet
Advanced encoding [] not implemented yet
Advanced encoding [] not implemented yet
Advanced encoding [] not implemented yet
Advanced encoding [] not implemented yet
Advanced encoding [] not implemented yet
Advanced encoding [] not implemented yet
Advanced encoding [] not implemented yet
Advanced encoding [] not implemented yet
Advanced encoding [] not implemented yet
Advanced encoding [] not implemented yet
Advanced encoding [] not implemented yet
Advanced encoding [] not implemented yet
Collection: synthesis
Folder:     /home/iliya-radulov/Desktop/new_books/synthesis
Already indexed: 0 chunks
Found 37 PDF files

  Indexing: A. K. Tyagi (editor), Raghumani S. Ningthoujam (editor) - Handbook on 
    Pages: 922
    Chunks: 993
    Stored 100/993 chunks...
    Stored 200/993 chunks...
    Stored 300/993 chunks...
    Stored 400/993 chunks...
    Stored 500/993 chunks...
    Stored 600/993 chunks...
    Stored 700/993 chunks...
    Stored 800/993 chunks...
    Stored 900/993 chunks...
    Done! 993 chunks added
  Indexing: ASM - ASM Handbook_Vol_15_ Casting (1988, ASM International).pdf
    Pages: 2002
    Chunks: 2163
    Stored 100/2163 chunks...
    Stored 200/2163 chunks...
    Stored 300/2163 chunks...
    Stored 400/2163 chunks...
    Stored 500/2163 chunks...
    Stored 600/2163 chunks...
    Stored 700/2163 chunks...
    Stored 800/2163 chunks...
    Stored 900/2163 chunks...
    Stored 1000/2163 chunks...
    Stored 1100/2163 chunks...
    Stored 1200/2163 chunks...
    Stored 1300/2163 chunks...
    Stored 1400/2163 chunks...
    Stored 1500/2163 chunks...
    Stored 1600/2163 chunks...
    Stored 1700/2163 chunks...
    Stored 1800/2163 chunks...
    Stored 1900/2163 chunks...
    Stored 2000/2163 chunks...
    Stored 2100/2163 chunks...
    Done! 2163 chunks added
  Indexing: ASM - ASM Handbook_Vol_4_Heat Treating (1991, ASM International).pdf
    Pages: 2173
    Chunks: 2306
    Stored 100/2306 chunks...
    Stored 200/2306 chunks...
    Stored 300/2306 chunks...
    Stored 400/2306 chunks...
    Stored 500/2306 chunks...
    Stored 600/2306 chunks...
    Stored 700/2306 chunks...
    Stored 800/2306 chunks...
    Stored 900/2306 chunks...
    Stored 1000/2306 chunks...
    Stored 1100/2306 chunks...
    Stored 1200/2306 chunks...
    Stored 1300/2306 chunks...
    Stored 1400/2306 chunks...
    Stored 1500/2306 chunks...
    Stored 1600/2306 chunks...
    Stored 1700/2306 chunks...
    Stored 1800/2306 chunks...
    Stored 1900/2306 chunks...
    Stored 2000/2306 chunks...
    Stored 2100/2306 chunks...
    Stored 2200/2306 chunks...
    Stored 2300/2306 chunks...
    Done! 2306 chunks added
  Indexing: ASM - ASM Handbook_Vol_7_powder-metal-technologies-and-applications-as
    Pages: 2762
    Chunks: 3164
    Stored 100/3164 chunks...
    Stored 200/3164 chunks...
    Stored 300/3164 chunks...
    Stored 400/3164 chunks...
    Stored 500/3164 chunks...
    Stored 600/3164 chunks...
    Stored 700/3164 chunks...
    Stored 800/3164 chunks...
    Stored 900/3164 chunks...
    Stored 1000/3164 chunks...
    Stored 1100/3164 chunks...
    Stored 1200/3164 chunks...
    Stored 1300/3164 chunks...
    Stored 1400/3164 chunks...
    Stored 1500/3164 chunks...
    Stored 1600/3164 chunks...
    Stored 1700/3164 chunks...
    Stored 1800/3164 chunks...
    Stored 1900/3164 chunks...
    Stored 2000/3164 chunks...
    Stored 2100/3164 chunks...
    Stored 2200/3164 chunks...
    Stored 2300/3164 chunks...
    Stored 2400/3164 chunks...
    Stored 2500/3164 chunks...
    Stored 2600/3164 chunks...
    Stored 2700/3164 chunks...
    Stored 2800/3164 chunks...
    Stored 2900/3164 chunks...
    Stored 3000/3164 chunks...
    Stored 3100/3164 chunks...
    Done! 3164 chunks added
  Indexing: David Furrer - ASM Handbook Volume 22B_ Metals Process Simulation (201
    Pages: 695
    Chunks: 1777
    Stored 100/1777 chunks...
    Stored 200/1777 chunks...
    Stored 300/1777 chunks...
    Stored 400/1777 chunks...
    Stored 500/1777 chunks...
    Stored 600/1777 chunks...
    Stored 700/1777 chunks...
    Stored 800/1777 chunks...
    Stored 900/1777 chunks...
    Stored 1000/1777 chunks...
    Stored 1100/1777 chunks...
    Stored 1200/1777 chunks...
    Stored 1300/1777 chunks...
    Stored 1400/1777 chunks...
    Stored 1500/1777 chunks...
    Stored 1600/1777 chunks...
    Stored 1700/1777 chunks...
    Done! 1777 chunks added
  Indexing: E. M. Savitskii, G. S. Burkhanov (auth.) - Physical Metallurgy of Refr
    Pages: 295
    Chunks: 422
    Stored 100/422 chunks...
    Stored 200/422 chunks...
    Stored 300/422 chunks...
    Stored 400/422 chunks...
    Done! 422 chunks added
  Indexing: Furrer, D.U._ Semiatin, S.L. (Eds.) - ASM Handbook, Volume 22A - Funda
    Pages: 803
    Chunks: 1744
    Stored 100/1744 chunks...
    Stored 200/1744 chunks...
    Stored 300/1744 chunks...
    Stored 400/1744 chunks...
    Stored 500/1744 chunks...
    Stored 600/1744 chunks...
    Stored 700/1744 chunks...
    Stored 800/1744 chunks...
    Stored 900/1744 chunks...
    Stored 1000/1744 chunks...
    Stored 1100/1744 chunks...
    Stored 1200/1744 chunks...
    Stored 1300/1744 chunks...
    Stored 1400/1744 chunks...
    Stored 1500/1744 chunks...
    Stored 1600/1744 chunks...
    Stored 1700/1744 chunks...
    Done! 1744 chunks added
  Indexing: G S Upadhyaya - Powder Metallurgy Technology (1998).pdf
    Pages: 170
    Chunks: 159
    Stored 100/159 chunks...
    Done! 159 chunks added
  Indexing: George E. Totten, C. E. Bates, N. A. Clinton - Handbook of Quenchants 
    Pages: 528
    Chunks: 364
    Stored 100/364 chunks...
    Stored 200/364 chunks...
    Stored 300/364 chunks...
    Done! 364 chunks added
  Indexing: J. W. Martin Emeritus Reader in Physical Metallurgy - Concise Encyclop
    Pages: 485
    Chunks: 803
    Stored 100/803 chunks...
    Stored 200/803 chunks...
    Stored 300/803 chunks...
    Stored 400/803 chunks...
    Stored 500/803 chunks...
    Stored 600/803 chunks...
    Stored 700/803 chunks...
    Stored 800/803 chunks...
    Done! 803 chunks added
  Indexing: Jan_Svoboda_Magnetic_Techniques_for_the_Treatmen.pdf
    Pages: 651
    Chunks: 271
    Stored 100/271 chunks...
    Stored 200/271 chunks...
    Done! 271 chunks added
  Indexing: M. Sherif El-Eskandarany - Mechanical Alloying, Second Edition_ Nanote
    Pages: 340
    Chunks: 291
    Stored 100/291 chunks...
    Stored 200/291 chunks...
    Done! 291 chunks added
  Indexing: M. Yamaguchi, Y. Shirai (auth.), N. S. Stoloff, V. K. Sikka (eds - Phy
    Pages: 689
    Chunks: 622
    Stored 100/622 chunks...
    Stored 200/622 chunks...
    Stored 300/622 chunks...
    Stored 400/622 chunks...
    Stored 500/622 chunks...
    Stored 600/622 chunks...
    Done! 622 chunks added
  Indexing: Mario_Aparicio,_Andrei_Jitianu,_Lisa_C._Klein_Sol_Gel.pdf
    Pages: 408
    Chunks: 455
    Stored 100/455 chunks...
    Stored 200/455 chunks...
    Stored 300/455 chunks...
    Stored 400/455 chunks...
    Done! 455 chunks added
  Indexing: Mechanical alloying and milling.pdf
    Pages: 184
    Chunks: 204
    Stored 100/204 chunks...
    Stored 200/204 chunks...
    Done! 204 chunks added
  Indexing: Nato Science Series E213- Ordered Intermetallics_Physical Metallurgy a
    Pages: 691
    Chunks: 710
    Stored 100/710 chunks...
    Stored 200/710 chunks...
    Stored 300/710 chunks...
    Stored 400/710 chunks...
    Stored 500/710 chunks...
    Stored 600/710 chunks...
    Stored 700/710 chunks...
    Done! 710 chunks added
  Indexing: Pasquale Cavaliere - Spark Plasma Sintering of Materials_ Advances in 
    Pages: 767
    Chunks: 781
    Stored 100/781 chunks...
    Stored 200/781 chunks...
    Stored 300/781 chunks...
    Stored 400/781 chunks...
    Stored 500/781 chunks...
    Stored 600/781 chunks...
    Stored 700/781 chunks...
    Done! 781 chunks added
  Indexing: R E Smallman, A.H.W. Ngan - Physical Metallurgy and Advanced Materials
    Pages: 673
    Chunks: 821
    Stored 100/821 chunks...
    Stored 200/821 chunks...
    Stored 300/821 chunks...
    Stored 400/821 chunks...
    Stored 500/821 chunks...
    Stored 600/821 chunks...
    Stored 700/821 chunks...
    Stored 800/821 chunks...
    Done! 821 chunks added
  Indexing: Randall German - A - Z of Powder Metallurgy (2005, Elsevier Science).p
    Pages: 441
    Chunks: 431
    Stored 100/431 chunks...
    Stored 200/431 chunks...
    Stored 300/431 chunks...
    Stored 400/431 chunks...
    Done! 431 chunks added
  Indexing: Randall M. German - Powder Metallurgy & Particulate Materials Processi
    Pages: 157
    Chunks: 173
    Stored 100/173 chunks...
    Done! 173 chunks added
  Indexing: Supermagnets-Hard-Magnetic-Materials.pdf
    Pages: 839
    Chunks: 707
    Stored 100/707 chunks...
    Stored 200/707 chunks...
    Stored 300/707 chunks...
    Stored 400/707 chunks...
    Stored 500/707 chunks...
    Stored 600/707 chunks...
    Stored 700/707 chunks...
    Done! 707 chunks added
  Indexing: Wood, J. V. (editor)_Schultz, L. (editor)_Herlach, D. M. (editor - Mat
    Pages: 396
    Chunks: 340
    Stored 100/340 chunks...
    Stored 200/340 chunks...
    Stored 300/340 chunks...
    Done! 340 chunks added
  Indexing: [The Institute of Materials Series on Powder Metallurgy] F. Thummler, 
    Pages: 347
    Chunks: 293
    Stored 100/293 chunks...
    Stored 200/293 chunks...
    Done! 293 chunks added
  Indexing: [Three Volume Set] R.W. Cahn, Kazuhiro Hono, P. Haasen - Physical Meta
    Pages: 1042
    Chunks: 1063
    Stored 100/1063 chunks...
    Stored 200/1063 chunks...
    Stored 300/1063 chunks...
    Stored 400/1063 chunks...
    Stored 500/1063 chunks...
    Stored 600/1063 chunks...
    Stored 700/1063 chunks...
    Stored 800/1063 chunks...
    Stored 900/1063 chunks...
    Stored 1000/1063 chunks...
    Done! 1063 chunks added
  Indexing: [Three Volume Set] R.W. Cahn, Kazuhiro Hono, P. Haasen - Physical Meta
    Pages: 944
    Chunks: 1049
    Stored 100/1049 chunks...
    Stored 200/1049 chunks...
    Stored 300/1049 chunks...
    Stored 400/1049 chunks...
    Stored 500/1049 chunks...
    Stored 600/1049 chunks...
    Stored 700/1049 chunks...
    Stored 800/1049 chunks...
    Stored 900/1049 chunks...
    Stored 1000/1049 chunks...
    Done! 1049 chunks added
  Indexing: [Three Volume Set] R.W. Cahn, Kazuhiro Hono, P. Haasen - Physical Meta
    Pages: 1024
    Chunks: 1105
    Stored 100/1105 chunks...
    Stored 200/1105 chunks...
    Stored 300/1105 chunks...
    Stored 400/1105 chunks...
    Stored 500/1105 chunks...
    Stored 600/1105 chunks...
    Stored 700/1105 chunks...
    Stored 800/1105 chunks...
    Stored 900/1105 chunks...
    Stored 1000/1105 chunks...
    Stored 1100/1105 chunks...
    Done! 1105 chunks added
  Indexing: [Wiley on Processing of Engineering Materials 1] German, Randall M - H
    Pages: 452
    Chunks: 345
    Stored 100/345 chunks...
    Stored 200/345 chunks...
    Stored 300/345 chunks...
    Done! 345 chunks added
  Indexing: [Woodhead Publishing Series in Electronic and Optical Materials] John 
    Pages: 384
    Chunks: 430
    Stored 100/430 chunks...
    Stored 200/430 chunks...
    Stored 300/430 chunks...
    Stored 400/430 chunks...
    Done! 430 chunks added
  Indexing: alloys-preparation-properties-applications.pdf
    Pages: 323
    Chunks: 411
    Stored 100/411 chunks...
    Stored 200/411 chunks...
    Stored 300/411 chunks...
    Stored 400/411 chunks...
    Done! 411 chunks added
  Indexing: catalysis-by-metals-and-alloys-studies-in-surface-science-and-catalysi
    Pages: 745
    Chunks: 736
    Stored 100/736 chunks...
    Stored 200/736 chunks...
    Stored 300/736 chunks...
    Stored 400/736 chunks...
    Stored 500/736 chunks...
    Stored 600/736 chunks...
    Stored 700/736 chunks...
    Done! 736 chunks added
  Indexing: intermetallic-chemistry-pergamon-materials-series-volume-13.pdf
    Pages: 813
    Chunks: 797
    Stored 100/797 chunks...
    Stored 200/797 chunks...
    Stored 300/797 chunks...
    Stored 400/797 chunks...
    Stored 500/797 chunks...
    Stored 600/797 chunks...
    Stored 700/797 chunks...
    Done! 797 chunks added
  Indexing: physical-metallurgy-principles-5ec3943bb6a0b.pdf
    Pages: 769
    Chunks: 907
    Stored 100/907 chunks...
    Stored 200/907 chunks...
    Stored 300/907 chunks...
    Stored 400/907 chunks...
    Stored 500/907 chunks...
    Stored 600/907 chunks...
    Stored 700/907 chunks...
    Stored 800/907 chunks...
    Stored 900/907 chunks...
    Done! 907 chunks added
  Indexing: Гаврилин И.В. - Плавление и кристаллизация металлов и сплавов (2000).p
    Pages: 131
    Chunks: 211
    Stored 100/211 chunks...
    Stored 200/211 chunks...
    Done! 211 chunks added
  Indexing: Горелик С.С. (ред.) - Рекристаллизация металлов и сплавов.pdf
    Pages: 432
    Chunks: 295
    Stored 100/295 chunks...
    Stored 200/295 chunks...
    Done! 295 chunks added
  Indexing: Процессы порошковой металлургии. В 2-х т. Том 1. Производство металлич
    Pages: 186
    Chunks: 272
    Stored 100/272 chunks...
    Stored 200/272 chunks...
    Done! 272 chunks added
  Indexing: СОВРЕМЕННЫЕ ТЕХНОЛОГИИ В ПОРОШКОВОЙ
МЕТАЛЛУРГИИ.pdf
    Pages: 384
    Chunks: 223
    Stored 100/223 chunks...
    Stored 200/223 chunks...
    Done! 223 chunks added
  Indexing: Самарин, Б. А._ Авраамов, Ю. С._ Новиков, В. Ю. - №970 Основы магнетиз
    Pages: 122
    Chunks: 59
    Done! 59 chunks added

Finished! 27897 new chunks added
Collection 'synthesis' now has 25785 chunks
